[LOG] Welcome to hyprpaper!
built from commit  ()
[LOG] Cleaned old hyprpaper preloads (4), removing 25.0MB
[LOG] Preloaded target /home/lainux/Pictures/Wallpapers/Art/1681785569984228.jpg in 35.56ms -> Pixel size: [3996, 2250]
[LOG] Preloaded target /home/lainux/Pictures/Wallpapers/Art/1637334135250.png in 14.21ms -> Pixel size: [1300, 650]
[LOG] Buffer created for target /home/lainux/Pictures/Wallpapers/Art/1637334135250.png, Shared Memory usage: 4.2MB
[LOG] Buffer created for target /home/lainux/Pictures/Wallpapers/Art/1637334135250.png, Shared Memory usage: 8.3MB
[LOG] Buffer created for target /home/lainux/Pictures/Wallpapers/Art/1681785569984228.jpg, Shared Memory usage: 4.2MB
[LOG] Buffer created for target /home/lainux/Pictures/Wallpapers/Art/1681785569984228.jpg, Shared Memory usage: 8.3MB
[LOG] Total SM usage for all buffers: 25.0MB
[LOG] hyprpaper socket started at /run/user/1000/hypr/0bd541f2fd902dbfa04c3ea2ccf679395e316887_1735049076_470795651/.hyprpaper.sock (fd: 4)
[LOG] configure for HDMI-A-1
[LOG] handlePreferredScale: 1.00 for 593923e40320
[LOG] configure for HDMI-A-1
[LOG] configure for DP-3
[LOG] handlePreferredScale: 1.00 for 593923e40ea0
[LOG] configure for DP-3
[LOG] Image data for HDMI-A-1: /home/lainux/Pictures/Wallpapers/Art/1637334135250.png at [-71.94, 0.00], scale: 1.18 (original image size: [1300, 650])
[LOG] Submitting viewport dest size 1366x768 for 593923e40320
[LOG] Image data for DP-3: /home/lainux/Pictures/Wallpapers/Art/1681785569984228.jpg at [0.00, -1.12], scale: 0.48 (original image size: [3996, 2250])
[LOG] Submitting viewport dest size 1920x1080 for 593923e40ea0
[LOG] handlePreferredScale: 1.00 for 593923e40320
[LOG] handlePreferredScale: 1.00 for 593923e40ea0
